// Vitest Snapshot v1, https://vitest.dev/guide/snapshot.html

exports[`generateRoutes() > should create a correct snapshot for a complex structure 1`] = `
"// ATTENTION: This file is automatically generated by vite-react-file-router.
// Do not edit manually.
import React, { lazy, Suspense } from 'react';
// 👇 3. USE A VARIÁVEL PARA O IMPORT DINÂMICO AQUI
import { Routes, Route } from 'react-router-dom';

const Page0 = lazy(() => import('./pages/index.tsx'));
const Page1 = lazy(() => import('./pages/about.tsx'));
const Page2 = lazy(() => import('./pages/users/index.tsx'));
const Page3 = lazy(() => import('./pages/users/[id].tsx'));
const Page4 = lazy(() => import('./pages/users/[id]/settings.tsx'));

const LoadingComponent = () => null;

export const AppRoutes = () => (
  <Suspense fallback={<LoadingComponent />}>
    <Routes>
      <Route path="/users/:id/settings" element={<Page4 />} />
      <Route path="/users/:id" element={<Page3 />} />
      <Route path="/about" element={<Page1 />} />
      <Route path="/users" element={<Page2 />} />
      <Route path="/" element={<Page0 />} />
    </Routes>
  </Suspense>
);"
`;
